Router>
Router>
Router>
Router>
Router>enable
Router#configure terminal
Enter configuration commands, one per line.  End with CNTL/Z.
Router(config)#hostname ruhul
ruhul(config)#int
ruhul(config)#interface gig
ruhul(config)#interface g
ruhul(config)#interface gigabitEthernet 0/0
ruhul(config-if)#ip address 10.10.107.1
% Incomplete command.
ruhul(config-if)#ip address 10.10.107.1 255.255.255.0
ruhul(config-if)#no shutdown

ruhul(config-if)#
%LINK-5-CHANGED: Interface GigabitEthernet0/0, changed state to up

%LINEPROTO-5-UPDOWN: Line protocol on Interface GigabitEthernet0/0, changed state to up

ruhul(config-if)#exit
ruhul(config)#i
ruhul(config)#int
ruhul(config)#interface g
ruhul(config)#interface gigabitEthernet 0/1
ruhul(config-if)#ip address 10.10.106.2 255.255.255.0
ruhul(config-if)#no shutdown

ruhul(config-if)#
%LINK-5-CHANGED: Interface GigabitEthernet0/1, changed state to up

%LINEPROTO-5-UPDOWN: Line protocol on Interface GigabitEthernet0/1, changed state to up

ruhul(config-if)#exit
ruhul(config)#exit
ruhul#
%SYS-5-CONFIG_I: Configured from console by console

ruhul#copy 
ruhul#copy run
ruhul#copy running-config start
ruhul#copy running-config startup-config 
Destination filename [startup-config]? 
Building configuration...
[OK]
ruhul#show run
ruhul#show running-config 
Building configuration...

Current configuration : 729 bytes
!
version 15.1
no service timestamps log datetime msec
no service timestamps debug datetime msec
no service password-encryption
!
hostname ruhul
!
!
!
!
!
!
!
!
ip cef
no ipv6 cef
!
!
!
!
license udi pid CISCO2911/K9 sn FTX1524D967-
!
!
!
!
!
!
!
!
!
!
!
spanning-tree mode pvst
!
!
!
!
!
!
interface GigabitEthernet0/0
 ip address 10.10.107.1 255.255.255.0
 duplex auto
 speed auto
!
interface GigabitEthernet0/1
 ip address 10.10.106.2 255.255.255.0
 duplex auto
 speed auto
!
interface GigabitEthernet0/2
 no ip address
 duplex auto
 speed auto
 shutdown
!
interface Vlan1
 no ip address
 shutdown
!
ip classless
!
ip flow-export version 9
!
!
!
no cdp run
!
!
!
!
!
!
line con 0
!
line aux 0
!
line vty 0 4
 login
!
!
!
end


ruhul#
